node.exe : - Building...
At line:1 char:1
+ & "C:\Program 
Files\nodejs/node.exe" 
"C:\Program 
Files\nodejs/node_mo ...
+ ~~~~~~~~~~~~~~~~~~~~~~~
~~~~~~~~~~~~~~~~~~~~~~~~~
~~~~~~~~~~~~~~~~~~~~~
    + CategoryInfo       
       : NotSpecified:   
  (- Building...:Strin   
 g) [], RemoteExcepti    
on
    + FullyQualifiedErro 
   rId : NativeCommandE  
  rror
 

Application bundle generation failed. [3.490 seconds]

X [ERROR] NG8002: Can't 
bind to 'ngModel' since 
it isn't a known 
property of 'input'. 
[plugin angular-compiler]

    src/app/features/shop
ping/product-catalog/prod
uct-catalog.component.htm
l:50:65:
      50 Γöé 
...[value]="v._id" [(ngMo
del)]="selectedVariantId"
 [disabled]="(v....
         Γò╡             
       ~~~~~~~~~~~~~~~~~~
~~~~~~~~~~~~~

  Error occurs in the 
template of component 
ProductCatalogComponent.

    src/app/features/shop
ping/product-catalog/prod
uct-catalog.component.ts:
11:15:
      11 Γöé   
templateUrl: './product-c
atalog.component.html',
         Γò╡             
   ~~~~~~~~~~~~~~~~~~~~~~
~~~~~~~~~~~~


X [ERROR] NG8002: Can't 
bind to 'ngModel' since 
it isn't a known 
property of 'input'. 
[plugin angular-compiler]

    src/app/features/shop
ping/product-catalog/prod
uct-catalog.component.htm
l:66:52:
      66 Γöé 
...class="form-control" 
[(ngModel)]="quantity" 
min="1" [max]="getA...
         Γò╡             
            
~~~~~~~~~~~~~~~~~~~~~~

  Error occurs in the 
template of component 
ProductCatalogComponent.

    src/app/features/shop
ping/product-catalog/prod
uct-catalog.component.ts:
11:15:
      11 Γöé   
templateUrl: './product-c
atalog.component.html',
         Γò╡             
   ~~~~~~~~~~~~~~~~~~~~~~
~~~~~~~~~~~~


