node.exe : - Building...
At line:1 char:1
+ & "C:\Program Files\nodejs/node.exe" "C:\Program 
Files\nodejs/node_mo ...
+ ~~~~~~~~~~~~~~~~~~~~~~~~~~~~~~~~~~~~~~~~~~~~~~~~~~~~~~~~~~~~
~~~~~~~~~
    + CategoryInfo          : NotSpecified: (- 
Building...:Strin    g) [], RemoteException
    + FullyQualifiedErrorId : NativeCommandError
 

Application bundle generation failed. [5.869 seconds]

X [ERROR] Could not resolve 
"../../../../environments/environment"

    src/app/core/services/brand.service.ts:3:28:
      3 Γöé import { environment } from 
'../../../../environments/environment';
        Γò╡                             
~~~~~~~~~~~~~~~~~~~~~~~~~~~~~~~~~~~~~~


X [ERROR] TS2307: Cannot find module 
'../../../../environments/environment' or its corresponding 
type declarations. [plugin angular-compiler]

    src/app/core/services/brand.service.ts:4:28:
      4 Γöé import { environment } from 
'../../../../environments/environment';
        Γò╡                             
~~~~~~~~~~~~~~~~~~~~~~~~~~~~~~~~~~~~~~


X [ERROR] Could not resolve 
"../../../../environments/environment"

    src/app/core/services/category.service.ts:3:28:
      3 Γöé import { environment } from 
'../../../../environments/environment';
        Γò╡                             
~~~~~~~~~~~~~~~~~~~~~~~~~~~~~~~~~~~~~~


X [ERROR] TS2307: Cannot find module 
'../../../../environments/environment' or its corresponding 
type declarations. [plugin angular-compiler]

    src/app/core/services/category.service.ts:4:28:
      4 Γöé import { environment } from 
'../../../../environments/environment';
        Γò╡                             
~~~~~~~~~~~~~~~~~~~~~~~~~~~~~~~~~~~~~~


X [ERROR] Could not resolve 
"../../../../environments/environment"

    src/app/core/services/product.service.ts:3:28:
      3 Γöé import { environment } from 
'../../../../environments/environment';
        Γò╡                             
~~~~~~~~~~~~~~~~~~~~~~~~~~~~~~~~~~~~~~


X [ERROR] TS2307: Cannot find module 
'../../../../environments/environment' or its corresponding 
type declarations. [plugin angular-compiler]

    src/app/core/services/product.service.ts:4:28:
      4 Γöé import { environment } from 
'../../../../environments/environment';
        Γò╡                             
~~~~~~~~~~~~~~~~~~~~~~~~~~~~~~~~~~~~~~


